###############################################################################
#
# IAR ELF Linker V8.30.2.160/W32 for ARM                  21/Oct/2018  22:58:35
# Copyright 2007-2018 IAR Systems AB.
#
#    Output file  =  
#        F:\System\Documents\CubeMX\L496Test\EWARM\L496Test\Exe\L496Test.out
#    Map file     =  
#        F:\System\Documents\CubeMX\L496Test\EWARM\L496Test\List\L496Test.map
#    Command line =  
#        -f C:\Users\willc\AppData\Local\Temp\EWDCB7.tmp
#        (F:\System\Documents\CubeMX\L496Test\EWARM\L496Test\Obj\cmsis_os.o
#        F:\System\Documents\CubeMX\L496Test\EWARM\L496Test\Obj\croutine.o
#        F:\System\Documents\CubeMX\L496Test\EWARM\L496Test\Obj\event_groups.o
#        F:\System\Documents\CubeMX\L496Test\EWARM\L496Test\Obj\freertos.o
#        F:\System\Documents\CubeMX\L496Test\EWARM\L496Test\Obj\gpio.o
#        F:\System\Documents\CubeMX\L496Test\EWARM\L496Test\Obj\heap_4.o
#        F:\System\Documents\CubeMX\L496Test\EWARM\L496Test\Obj\i2c.o
#        F:\System\Documents\CubeMX\L496Test\EWARM\L496Test\Obj\list.o
#        F:\System\Documents\CubeMX\L496Test\EWARM\L496Test\Obj\main.o
#        F:\System\Documents\CubeMX\L496Test\EWARM\L496Test\Obj\mpu9250.o
#        F:\System\Documents\CubeMX\L496Test\EWARM\L496Test\Obj\oled.o
#        F:\System\Documents\CubeMX\L496Test\EWARM\L496Test\Obj\port.o
#        F:\System\Documents\CubeMX\L496Test\EWARM\L496Test\Obj\portasm.o
#        F:\System\Documents\CubeMX\L496Test\EWARM\L496Test\Obj\queue.o
#        F:\System\Documents\CubeMX\L496Test\EWARM\L496Test\Obj\startup_stm32l496xx.o
#        F:\System\Documents\CubeMX\L496Test\EWARM\L496Test\Obj\stm32l4xx_hal.o
#        F:\System\Documents\CubeMX\L496Test\EWARM\L496Test\Obj\stm32l4xx_hal_cortex.o
#        F:\System\Documents\CubeMX\L496Test\EWARM\L496Test\Obj\stm32l4xx_hal_dma.o
#        F:\System\Documents\CubeMX\L496Test\EWARM\L496Test\Obj\stm32l4xx_hal_dma_ex.o
#        F:\System\Documents\CubeMX\L496Test\EWARM\L496Test\Obj\stm32l4xx_hal_flash.o
#        F:\System\Documents\CubeMX\L496Test\EWARM\L496Test\Obj\stm32l4xx_hal_flash_ex.o
#        F:\System\Documents\CubeMX\L496Test\EWARM\L496Test\Obj\stm32l4xx_hal_flash_ramfunc.o
#        F:\System\Documents\CubeMX\L496Test\EWARM\L496Test\Obj\stm32l4xx_hal_gpio.o
#        F:\System\Documents\CubeMX\L496Test\EWARM\L496Test\Obj\stm32l4xx_hal_i2c.o
#        F:\System\Documents\CubeMX\L496Test\EWARM\L496Test\Obj\stm32l4xx_hal_i2c_ex.o
#        F:\System\Documents\CubeMX\L496Test\EWARM\L496Test\Obj\stm32l4xx_hal_msp.o
#        F:\System\Documents\CubeMX\L496Test\EWARM\L496Test\Obj\stm32l4xx_hal_pcd.o
#        F:\System\Documents\CubeMX\L496Test\EWARM\L496Test\Obj\stm32l4xx_hal_pcd_ex.o
#        F:\System\Documents\CubeMX\L496Test\EWARM\L496Test\Obj\stm32l4xx_hal_pwr.o
#        F:\System\Documents\CubeMX\L496Test\EWARM\L496Test\Obj\stm32l4xx_hal_pwr_ex.o
#        F:\System\Documents\CubeMX\L496Test\EWARM\L496Test\Obj\stm32l4xx_hal_rcc.o
#        F:\System\Documents\CubeMX\L496Test\EWARM\L496Test\Obj\stm32l4xx_hal_rcc_ex.o
#        F:\System\Documents\CubeMX\L496Test\EWARM\L496Test\Obj\stm32l4xx_hal_tim.o
#        F:\System\Documents\CubeMX\L496Test\EWARM\L496Test\Obj\stm32l4xx_hal_tim_ex.o
#        F:\System\Documents\CubeMX\L496Test\EWARM\L496Test\Obj\stm32l4xx_hal_timebase_TIM.o
#        F:\System\Documents\CubeMX\L496Test\EWARM\L496Test\Obj\stm32l4xx_hal_uart.o
#        F:\System\Documents\CubeMX\L496Test\EWARM\L496Test\Obj\stm32l4xx_hal_uart_ex.o
#        F:\System\Documents\CubeMX\L496Test\EWARM\L496Test\Obj\stm32l4xx_it.o
#        F:\System\Documents\CubeMX\L496Test\EWARM\L496Test\Obj\stm32l4xx_ll_usb.o
#        F:\System\Documents\CubeMX\L496Test\EWARM\L496Test\Obj\stream_buffer.o
#        F:\System\Documents\CubeMX\L496Test\EWARM\L496Test\Obj\system_stm32l4xx.o
#        F:\System\Documents\CubeMX\L496Test\EWARM\L496Test\Obj\tasks.o
#        F:\System\Documents\CubeMX\L496Test\EWARM\L496Test\Obj\tim.o
#        F:\System\Documents\CubeMX\L496Test\EWARM\L496Test\Obj\timers.o
#        F:\System\Documents\CubeMX\L496Test\EWARM\L496Test\Obj\usart.o
#        F:\System\Documents\CubeMX\L496Test\EWARM\L496Test\Obj\usb_otg.o
#        --redirect _Printf=_PrintfFull --redirect _Scanf=_ScanfFull
#        --no_out_extension -o
#        F:\System\Documents\CubeMX\L496Test\EWARM\L496Test\Exe\L496Test.out
#        --map
#        F:\System\Documents\CubeMX\L496Test\EWARM\L496Test\List\L496Test.map
#        --config
#        F:\System\Documents\CubeMX\L496Test\EWARM/stm32l496xx_flash.icf
#        --semihosting --entry __iar_program_start --vfe --text_out locale)
#
###############################################################################

*******************************************************************************
*** RUNTIME MODEL ATTRIBUTES
***

CppFlavor       = *
__SystemLibrary = DLib
__dlib_version  = 6


*******************************************************************************
*** HEAP SELECTION
***

The basic heap was selected because no calls to memory allocation
functions were found in the application outside of system library
functions, and there are calls to deallocation functions in the
application.


*******************************************************************************
*** PLACEMENT SUMMARY
***

"A0":  place at 0x800'0000 { ro section .intvec };
"P1":  place in [from 0x800'0000 to 0x80f'ffff] { ro };
define block CSTACK with size = 1K, alignment = 8 { };
define block HEAP with size = 512, alignment = 8 { };
"P2":  place in [from 0x2000'0000 to 0x2004'ffff] {
          rw, block CSTACK, block HEAP };
initialize by copy { rw };

  Section            Kind         Address    Size  Object
  -------            ----         -------    ----  ------
"A0":                                       0x1ac
  .intvec            ro code   0x800'0000   0x1ac  startup_stm32l496xx.o [1]
                             - 0x800'01ac   0x1ac

"P1":                                      0x93de
  .text              ro code   0x800'01ac  0x200c  oled.o [1]
  .text              ro code   0x800'21b8   0x548  stm32l4xx_hal_i2c.o [1]
  .text              ro code   0x800'2700    0x1e  stm32l4xx_hal.o [1]
  .text              ro code   0x800'271e    0x7a  lz77_init_single.o [4]
  .text              ro code   0x800'2798    0xec  i2c.o [1]
  .text              ro code   0x800'2884   0x184  main.o [1]
  .text              ro code   0x800'2a08     0xc  stm32l4xx_hal.o [1]
  .text              ro code   0x800'2a14   0x1dc  stm32l4xx_hal_i2c_ex.o [1]
  .text              ro code   0x800'2bf0   0x3e2  stm32l4xx_hal_gpio.o [1]
  .text              ro code   0x800'2fd2    0x3a  zero_init3.o [4]
  .text              ro code   0x800'300c    0x1e  stm32l4xx_hal.o [1]
  .text              ro code   0x800'302a    0x1e  xencoding_8859_1.o [2]
  .text              ro code   0x800'3048   0x196  gpio.o [1]
  .text              ro code   0x800'31de     0xa  xsprout.o [2]
  .text              ro code   0x800'31e8   0x164  usart.o [1]
  .text              ro code   0x800'334c   0x10c  usb_otg.o [1]
  .text              ro code   0x800'3458    0xd4  tim.o [1]
  .text              ro code   0x800'352c    0x54  mpu9250.o [1]
  .text              ro code   0x800'3580   0x21c  freertos.o [1]
  .text              ro code   0x800'379c    0x66  cmsis_os.o [1]
  .text              ro code   0x800'3804   0x878  stm32l4xx_hal_tim.o [1]
  .text              ro code   0x800'407c    0x10  stm32l4xx_hal_pwr.o [1]
  .text              ro code   0x800'408c   0x9dc  stm32l4xx_hal_rcc.o [1]
  .text              ro code   0x800'4a68   0x960  stm32l4xx_hal_rcc_ex.o [1]
  .text              ro code   0x800'53c8   0x118  stm32l4xx_hal_pwr_ex.o [1]
  .text              ro code   0x800'54e0   0x1b0  stm32l4xx_hal_cortex.o [1]
  .text              ro code   0x800'5690    0x10  stm32l4xx_hal.o [1]
  .text              ro code   0x800'56a0    0x28  printf.o [2]
  .text              ro code   0x800'56c8    0x78  stm32l4xx_hal_timebase_TIM.o [1]
  .text              ro code   0x800'5740    0x8c  stm32l4xx_hal_msp.o [1]
  .text              ro code   0x800'57cc   0x900  stm32l4xx_hal_uart.o [1]
  .text              ro code   0x800'60cc   0x134  stm32l4xx_hal_pcd.o [1]
  .text              ro code   0x800'6200   0x1e0  stm32l4xx_hal_tim_ex.o [1]
  .text              ro code   0x800'63e0    0xa6  ABImemcpy.o [4]
  .text              ro code   0x800'6488   0x8f4  tasks.o [1]
  .text              ro code   0x800'6d7c    0x36  strlen.o [4]
  .text              ro code   0x800'6db4    0x40  sprintf.o [2]
  .text              ro code   0x800'6df4   0x1b8  port.o [1]
  .text              ro code   0x800'6fac     0x2  stm32l4xx_hal_tim.o [1]
  .text              ro code   0x800'6fae     0x2  stm32l4xx_hal_tim.o [1]
  .text              ro code   0x800'6fb0     0x2  stm32l4xx_hal_tim_ex.o [1]
  .text              ro code   0x800'6fb2     0x2  stm32l4xx_hal_tim_ex.o [1]
  .text              ro code   0x800'6fb4     0x2  stm32l4xx_hal_tim.o [1]
  .text              ro code   0x800'6fb6     0x2  stm32l4xx_hal_tim_ex.o [1]
  .text              ro code   0x800'6fb8     0x2  stm32l4xx_hal_tim.o [1]
  .text              ro code   0x800'6fbc   0xf7a  xprintffull.o [2]
  .text              ro code   0x800'7f38    0x4a  stm32l4xx_hal_dma.o [1]
  .text              ro code   0x800'7f82     0x2  stm32l4xx_hal_uart.o [1]
  .text              ro code   0x800'7f84     0x2  stm32l4xx_hal_uart_ex.o [1]
  .text              ro code   0x800'7f86     0x2  stm32l4xx_hal_uart.o [1]
  .text              ro code   0x800'7f88   0x230  I64DivMod.o [4]
  .text              ro code   0x800'81b8   0x258  stm32l4xx_ll_usb.o [1]
  .text              ro code   0x800'8410    0x3c  stm32l4xx_hal_pcd_ex.o [1]
  .text              ro code   0x800'844c   0x1b0  heap_4.o [1]
  .text              ro code   0x800'85fc    0x3a  ABImemset48.o [4]
  .text              ro code   0x800'8636    0x92  list.o [1]
  .text              ro code   0x800'86c8    0x4c  strcpy.o [4]
  CODE               ro code   0x800'8714    0xb0  portasm.o [1]
  .text              ro code   0x800'87c4    0x78  xlocale_c.o [2]
  .text              ro code   0x800'883c    0x16  strchr.o [4]
  .text              ro code   0x800'8854    0x40  xfail_s.o [2]
  .text              ro code   0x800'8894    0x58  memchr.o [4]
  .text              ro code   0x800'88ec     0xa  xmbcurmax.o [2]
  .text              ro code   0x800'88f8   0x1a2  DblMul.o [3]
  .text              ro code   0x800'8a9c    0x70  frexp.o [3]
  .text              ro code   0x800'8b0c    0x2e  DblCmpLe.o [3]
  .text              ro code   0x800'8b3c    0x2e  DblCmpGe.o [3]
  .text              ro code   0x800'8b6c   0x13a  ldexp.o [3]
  .text              ro code   0x800'8ca8    0x3a  DblToS32.o [3]
  .text              ro code   0x800'8ce4    0x22  S32ToDbl.o [3]
  .text              ro code   0x800'8d08    0xe2  DblSub.o [3]
  .text              ro code   0x800'8dec   0x246  DblDiv.o [3]
  .text              ro code   0x800'9034    0x28  DblToU32.o [3]
  .text              ro code   0x800'905c    0x1a  U32ToDbl.o [3]
  .text              ro code   0x800'9078     0x2  I64DivZer.o [4]
  .text              ro code   0x800'907a     0x6  abort.o [2]
  .text              ro code   0x800'9080   0x16a  DblAdd.o [3]
  .text              ro code   0x800'91ec    0x14  exit.o [5]
  .text              ro code   0x800'9200    0x8c  system_stm32l4xx.o [1]
  .text              ro code   0x800'928c    0x38  stm32l4xx_it.o [1]
  .rodata            const     0x800'92c4    0x30  freertos.o [1]
  .text              ro code   0x800'92f4    0x28  data_init.o [4]
  .text              ro code   0x800'931c    0x22  fpinit_M.o [3]
  .iar.init_table    const     0x800'9340    0x20  - Linker created -
  .text              ro code   0x800'9360    0x1e  cmain.o [4]
  .text              ro code   0x800'937e     0x4  low_level_init.o [2]
  .text              ro code   0x800'9382     0x4  exit.o [2]
  .text              ro code   0x800'9388     0xa  cexit.o [4]
  .text              ro code   0x800'9392    0x16  xprout.o [2]
  .text              ro code   0x800'93a8     0xc  putchar.o [2]
  .text              ro code   0x800'93b4    0x10  startup_stm32l496xx.o [1]
  .text              ro code   0x800'93c4     0xc  cstartup_M.o [4]
  .rodata            const     0x800'93d0     0x8  system_stm32l4xx.o [1]
  .rodata            const     0x800'93d8     0x6  xlocale_c.o [2]
  .text              ro code   0x800'93de     0x4  startup_stm32l496xx.o [1]
  .text              ro code   0x800'93e2     0x4  startup_stm32l496xx.o [1]
  .text              ro code   0x800'93e6     0x4  startup_stm32l496xx.o [1]
  .text              ro code   0x800'93ea     0x4  startup_stm32l496xx.o [1]
  .text              ro code   0x800'93ee     0x4  startup_stm32l496xx.o [1]
  .text              ro code   0x800'93f2     0x4  startup_stm32l496xx.o [1]
  .text              ro code   0x800'93f6     0x4  startup_stm32l496xx.o [1]
  .text              ro code   0x800'93fa     0x4  startup_stm32l496xx.o [1]
  .text              ro code   0x800'93fe     0x4  startup_stm32l496xx.o [1]
  .text              ro code   0x800'9402     0x4  startup_stm32l496xx.o [1]
  .text              ro code   0x800'9406     0x4  startup_stm32l496xx.o [1]
  .text              ro code   0x800'940a     0x4  startup_stm32l496xx.o [1]
  .text              ro code   0x800'940e     0x4  startup_stm32l496xx.o [1]
  .text              ro code   0x800'9412     0x4  startup_stm32l496xx.o [1]
  .text              ro code   0x800'9416     0x4  startup_stm32l496xx.o [1]
  .text              ro code   0x800'941a     0x4  startup_stm32l496xx.o [1]
  .text              ro code   0x800'941e     0x4  startup_stm32l496xx.o [1]
  .text              ro code   0x800'9422     0x4  startup_stm32l496xx.o [1]
  .text              ro code   0x800'9426     0x4  startup_stm32l496xx.o [1]
  .text              ro code   0x800'942a     0x4  startup_stm32l496xx.o [1]
  .text              ro code   0x800'942e     0x4  startup_stm32l496xx.o [1]
  .text              ro code   0x800'9432     0x4  startup_stm32l496xx.o [1]
  .text              ro code   0x800'9436     0x4  startup_stm32l496xx.o [1]
  .text              ro code   0x800'943a     0x4  startup_stm32l496xx.o [1]
  .text              ro code   0x800'943e     0x4  startup_stm32l496xx.o [1]
  .text              ro code   0x800'9442     0x4  startup_stm32l496xx.o [1]
  .text              ro code   0x800'9446     0x4  startup_stm32l496xx.o [1]
  .text              ro code   0x800'944a     0x4  startup_stm32l496xx.o [1]
  .text              ro code   0x800'944e     0x4  startup_stm32l496xx.o [1]
  .text              ro code   0x800'9452     0x4  startup_stm32l496xx.o [1]
  .text              ro code   0x800'9456     0x4  startup_stm32l496xx.o [1]
  .text              ro code   0x800'945a     0x4  startup_stm32l496xx.o [1]
  .text              ro code   0x800'945e     0x4  startup_stm32l496xx.o [1]
  .text              ro code   0x800'9462     0x4  startup_stm32l496xx.o [1]
  .text              ro code   0x800'9466     0x4  startup_stm32l496xx.o [1]
  .text              ro code   0x800'946a     0x4  startup_stm32l496xx.o [1]
  .text              ro code   0x800'946e     0x4  startup_stm32l496xx.o [1]
  .text              ro code   0x800'9472     0x4  startup_stm32l496xx.o [1]
  .text              ro code   0x800'9476     0x4  startup_stm32l496xx.o [1]
  .text              ro code   0x800'947a     0x4  startup_stm32l496xx.o [1]
  .text              ro code   0x800'947e     0x4  startup_stm32l496xx.o [1]
  .text              ro code   0x800'9482     0x4  startup_stm32l496xx.o [1]
  .text              ro code   0x800'9486     0x4  startup_stm32l496xx.o [1]
  .text              ro code   0x800'948a     0x4  startup_stm32l496xx.o [1]
  .text              ro code   0x800'948e     0x4  startup_stm32l496xx.o [1]
  .text              ro code   0x800'9492     0x4  startup_stm32l496xx.o [1]
  .text              ro code   0x800'9496     0x4  startup_stm32l496xx.o [1]
  .text              ro code   0x800'949a     0x4  startup_stm32l496xx.o [1]
  .text              ro code   0x800'949e     0x4  startup_stm32l496xx.o [1]
  .text              ro code   0x800'94a2     0x4  startup_stm32l496xx.o [1]
  .text              ro code   0x800'94a6     0x4  startup_stm32l496xx.o [1]
  .text              ro code   0x800'94aa     0x4  startup_stm32l496xx.o [1]
  .text              ro code   0x800'94ae     0x4  startup_stm32l496xx.o [1]
  .text              ro code   0x800'94b2     0x4  startup_stm32l496xx.o [1]
  .text              ro code   0x800'94b6     0x4  startup_stm32l496xx.o [1]
  .text              ro code   0x800'94ba     0x4  startup_stm32l496xx.o [1]
  .text              ro code   0x800'94be     0x4  startup_stm32l496xx.o [1]
  .text              ro code   0x800'94c2     0x4  startup_stm32l496xx.o [1]
  .text              ro code   0x800'94c6     0x4  startup_stm32l496xx.o [1]
  .text              ro code   0x800'94ca     0x4  startup_stm32l496xx.o [1]
  .text              ro code   0x800'94ce     0x4  startup_stm32l496xx.o [1]
  .text              ro code   0x800'94d2     0x4  startup_stm32l496xx.o [1]
  .text              ro code   0x800'94d6     0x4  startup_stm32l496xx.o [1]
  .text              ro code   0x800'94da     0x4  startup_stm32l496xx.o [1]
  .text              ro code   0x800'94de     0x4  startup_stm32l496xx.o [1]
  .text              ro code   0x800'94e2     0x4  startup_stm32l496xx.o [1]
  .text              ro code   0x800'94e6     0x4  startup_stm32l496xx.o [1]
  .text              ro code   0x800'94ea     0x4  startup_stm32l496xx.o [1]
  .text              ro code   0x800'94ee     0x4  startup_stm32l496xx.o [1]
  .text              ro code   0x800'94f2     0x4  startup_stm32l496xx.o [1]
  .text              ro code   0x800'94f6     0x4  startup_stm32l496xx.o [1]
  .text              ro code   0x800'94fa     0x4  startup_stm32l496xx.o [1]
  .text              ro code   0x800'94fe     0x4  startup_stm32l496xx.o [1]
  .text              ro code   0x800'9502     0x4  startup_stm32l496xx.o [1]
  .text              ro code   0x800'9506     0x4  startup_stm32l496xx.o [1]
  .text              ro code   0x800'950a     0x4  startup_stm32l496xx.o [1]
  .text              ro code   0x800'950e     0x4  startup_stm32l496xx.o [1]
  .text              ro code   0x800'9512     0x4  startup_stm32l496xx.o [1]
  .text              ro code   0x800'9516     0x4  startup_stm32l496xx.o [1]
  .text              ro code   0x800'951a     0x4  startup_stm32l496xx.o [1]
  .text              ro code   0x800'951e     0x4  startup_stm32l496xx.o [1]
  .text              ro code   0x800'9522     0x4  startup_stm32l496xx.o [1]
  .text              ro code   0x800'9526     0x4  startup_stm32l496xx.o [1]
  .text              ro code   0x800'952a     0x4  startup_stm32l496xx.o [1]
  .text              ro code   0x800'952e     0x4  startup_stm32l496xx.o [1]
  .text              ro code   0x800'9532     0x4  startup_stm32l496xx.o [1]
  .rodata            const     0x800'9536     0x0  zero_init3.o [4]
  .rodata            const     0x800'9536     0x0  lz77_init_single.o [4]
  Initializer bytes  const     0x800'9536    0x54  <for P2-1>
                             - 0x800'958a  0x93de

"P2", part 1 of 3:                           0xd8
  P2-1                        0x2000'0000    0xd8  <Init block>
    .data            inited   0x2000'0000     0xc  port.o [1]
    .data            inited   0x2000'000c     0x4  system_stm32l4xx.o [1]
    .data            inited   0x2000'0010    0x38  xlocale_c.o [2]
    .data            inited   0x2000'0048    0x48  xlocale_c.o [2]
    .data            inited   0x2000'0090    0x48  xfiles.o [2]
                            - 0x2000'00d8    0xd8

"P2", part 2 of 3:                         0x18b4
  .bss               zero     0x2000'00d8   0xbd0  heap_4.o [1]
  .bss               zero     0x2000'0ca8   0x580  oled.o [1]
  .bss               zero     0x2000'1228   0x408  usb_otg.o [1]
  .bss               zero     0x2000'1630    0xa4  tasks.o [1]
  .bss               zero     0x2000'16d4    0x8c  tasks.o [1]
  .bss               zero     0x2000'1760    0x78  usart.o [1]
  .bss               zero     0x2000'17d8    0x78  usart.o [1]
  .bss               zero     0x2000'1850    0x50  xfiles.o [2]
  .bss               zero     0x2000'18a0    0x4c  i2c.o [1]
  .bss               zero     0x2000'18ec    0x40  stm32l4xx_hal_timebase_TIM.o [1]
  .bss               zero     0x2000'192c    0x40  tim.o [1]
  .bss               zero     0x2000'196c    0x14  freertos.o [1]
  .bss               zero     0x2000'1980     0x4  stm32l4xx_hal.o [1]
  .bss               zero     0x2000'1984     0x4  tim.o [1]
  .bss               zero     0x2000'1988     0x4  xfail_s.o [2]
                            - 0x2000'198c  0x18b4

"P2", part 3 of 3:                          0x400
  CSTACK                      0x2000'1990   0x400  <Block>
    CSTACK           uninit   0x2000'1990   0x400  <Block tail>
                            - 0x2000'1d90   0x400

Unused ranges:

         From           To      Size
         ----           --      ----
   0x800'958a   0x80f'ffff  0xf'6a76
  0x2000'198c  0x2000'198f       0x4
  0x2000'1d90  0x2004'ffff  0x4'e270


*******************************************************************************
*** INIT TABLE
***

          Address      Size
          -------      ----
Zero (__iar_zero_init3)
    1 destination range, total size 0x18b4:
          0x2000'00d8  0x18b4

Copy/lz77 (__iar_lz77_init_single3)
    1 source range, total size 0x54 (38% of destination):
           0x800'9536    0x54
    1 destination range, total size 0xd8:
          0x2000'0000    0xd8



*******************************************************************************
*** MODULE SUMMARY
***

    Module                        ro code  ro data  rw data
    ------                        -------  -------  -------
command line/config:
    -------------------------------------------------------
    Total:

F:\System\Documents\CubeMX\L496Test\EWARM\L496Test\Obj: [1]
    cmsis_os.o                        102
    freertos.o                        540       48       20
    gpio.o                            406
    heap_4.o                          432             3 024
    i2c.o                             236                76
    list.o                            146
    main.o                            388
    mpu9250.o                          84
    oled.o                          8 204             1 408
    port.o                            440        4       12
    portasm.o                         176
    startup_stm32l496xx.o             788
    stm32l4xx_hal.o                    88                 4
    stm32l4xx_hal_cortex.o            432
    stm32l4xx_hal_dma.o                74
    stm32l4xx_hal_gpio.o              994
    stm32l4xx_hal_i2c.o             1 352
    stm32l4xx_hal_i2c_ex.o            476
    stm32l4xx_hal_msp.o               140
    stm32l4xx_hal_pcd.o               308
    stm32l4xx_hal_pcd_ex.o             60
    stm32l4xx_hal_pwr.o                16
    stm32l4xx_hal_pwr_ex.o            280
    stm32l4xx_hal_rcc.o             2 524
    stm32l4xx_hal_rcc_ex.o          2 400
    stm32l4xx_hal_tim.o             2 176
    stm32l4xx_hal_tim_ex.o            486
    stm32l4xx_hal_timebase_TIM.o      120                64
    stm32l4xx_hal_uart.o            2 308
    stm32l4xx_hal_uart_ex.o             2
    stm32l4xx_it.o                     56
    stm32l4xx_ll_usb.o                600
    system_stm32l4xx.o                140       10        4
    tasks.o                         2 292               304
    tim.o                             212                68
    usart.o                           356               240
    usb_otg.o                         268             1 032
    -------------------------------------------------------
    Total:                         30 102       62    6 256

dl7M_tlf.a: [2]
    abort.o                             6
    exit.o                              4
    low_level_init.o                    4
    printf.o                           40
    putchar.o                          12
    sprintf.o                          64
    xencoding_8859_1.o                 30
    xfail_s.o                          64                 4
    xfiles.o                                    28      152
    xlocale_c.o                       120       56      128
    xmbcurmax.o                        10
    xprintffull.o                   3 962
    xprout.o                           22
    xsprout.o                          10
    -------------------------------------------------------
    Total:                          4 348       84      284

m7M_tls.a: [3]
    DblAdd.o                          362
    DblCmpGe.o                         46
    DblCmpLe.o                         46
    DblDiv.o                          582
    DblMul.o                          418
    DblSub.o                          226
    DblToS32.o                         58
    DblToU32.o                         40
    S32ToDbl.o                         34
    U32ToDbl.o                         26
    fpinit_M.o                         34
    frexp.o                           112
    ldexp.o                           314
    -------------------------------------------------------
    Total:                          2 298

rt7M_tl.a: [4]
    ABImemcpy.o                       166
    ABImemset48.o                      58
    I64DivMod.o                       560
    I64DivZer.o                         2
    cexit.o                            10
    cmain.o                            30
    cstartup_M.o                       12
    data_init.o                        40
    lz77_init_single.o                122
    memchr.o                           88
    strchr.o                           22
    strcpy.o                           76
    strlen.o                           54
    zero_init3.o                       58
    -------------------------------------------------------
    Total:                          1 298

shb_l.a: [5]
    exit.o                             20
    -------------------------------------------------------
    Total:                             20

    Gaps                               36        2
    Linker created                              32    1 024
-----------------------------------------------------------
    Grand Total:                   38 102      180    7 564


*******************************************************************************
*** ENTRY LIST
***

Entry                       Address   Size  Type      Object
-----                       -------   ----  ----      ------
.iar.init_table$$Base    0x800'9340          --   Gb  - Linker created -
.iar.init_table$$Limit   0x800'9360          --   Gb  - Linker created -
?main                    0x800'9361         Code  Gb  cmain.o [4]
AHBPrescTable            0x800'924c   0x10  Data  Gb  system_stm32l4xx.o [1]
APBPrescTable            0x800'93d0    0x8  Data  Gb  system_stm32l4xx.o [1]
BusFault_Handler         0x800'9293    0x2  Code  Gb  stm32l4xx_it.o [1]
CSTACK$$Base            0x2000'1990          --   Gb  - Linker created -
CSTACK$$Limit           0x2000'1d90          --   Gb  - Linker created -
CacheMore                0x800'87c9   0x24  Code  Lc  xlocale_c.o [2]
DebugMon_Handler         0x800'9297    0x2  Code  Gb  stm32l4xx_it.o [1]
EXTI15_10_IRQHandler     0x800'92bd    0x8  Code  Gb  stm32l4xx_it.o [1]
FONT14x14                0x800'1d08  0x4b0  Data  Gb  oled.o [1]
FONT14x14TAB             0x800'1cd4   0x34  Data  Gb  oled.o [1]
HAL_DMA_Abort_IT         0x800'7f39   0x4a  Code  Gb  stm32l4xx_hal_dma.o [1]
HAL_Delay                0x800'2701   0x1e  Code  Wk  stm32l4xx_hal.o [1]
HAL_GPIO_EXTI_IRQHandler
                         0x800'2f1d   0x10  Code  Gb  stm32l4xx_hal_gpio.o [1]
HAL_GPIO_Init            0x800'2bf1  0x2d0  Code  Gb  stm32l4xx_hal_gpio.o [1]
HAL_GPIO_TogglePin       0x800'2f05   0x18  Code  Gb  stm32l4xx_hal_gpio.o [1]
HAL_GPIO_WritePin        0x800'2ed1   0x34  Code  Gb  stm32l4xx_hal_gpio.o [1]
HAL_GetTick              0x800'2a09    0xc  Code  Wk  stm32l4xx_hal.o [1]
HAL_I2CEx_ConfigAnalogFilter
                         0x800'2a15   0x72  Code  Gb  stm32l4xx_hal_i2c_ex.o [1]
HAL_I2CEx_ConfigDigitalFilter
                         0x800'2a87   0x52  Code  Gb  stm32l4xx_hal_i2c_ex.o [1]
HAL_I2CEx_EnableFastModePlus
                         0x800'2b25   0x20  Code  Gb  stm32l4xx_hal_i2c_ex.o [1]
HAL_I2C_Init             0x800'21b9  0x166  Code  Gb  stm32l4xx_hal_i2c.o [1]
HAL_I2C_Master_Transmit
                         0x800'2335   0x90  Code  Gb  stm32l4xx_hal_i2c.o [1]
HAL_I2C_MspInit          0x800'27f9   0x42  Code  Gb  i2c.o [1]
HAL_IncTick              0x800'5691   0x10  Code  Wk  stm32l4xx_hal.o [1]
HAL_Init                 0x800'300d   0x1e  Code  Gb  stm32l4xx_hal.o [1]
HAL_InitTick             0x800'56c9   0x66  Code  Gb  stm32l4xx_hal_timebase_TIM.o [1]
HAL_MspInit              0x800'5741   0x8c  Code  Gb  stm32l4xx_hal_msp.o [1]
HAL_NVIC_EnableIRQ       0x800'559b   0x18  Code  Gb  stm32l4xx_hal_cortex.o [1]
HAL_NVIC_SetPriority     0x800'5539   0x62  Code  Gb  stm32l4xx_hal_cortex.o [1]
HAL_NVIC_SetPriorityGrouping
                         0x800'54ff   0x3a  Code  Gb  stm32l4xx_hal_cortex.o [1]
HAL_PCDEx_ActivateBCD    0x800'8437   0x10  Code  Gb  stm32l4xx_hal_pcd_ex.o [1]
HAL_PCDEx_ActivateLPM    0x800'8411   0x26  Code  Gb  stm32l4xx_hal_pcd_ex.o [1]
HAL_PCD_Init             0x800'60cd   0xce  Code  Gb  stm32l4xx_hal_pcd.o [1]
HAL_PCD_MspInit          0x800'338d   0x74  Code  Gb  usb_otg.o [1]
HAL_PWREx_ControlVoltageScaling
                         0x800'53d5   0x78  Code  Gb  stm32l4xx_hal_pwr_ex.o [1]
HAL_PWREx_EnableVddIO2   0x800'5453    0xe  Code  Gb  stm32l4xx_hal_pwr_ex.o [1]
HAL_PWREx_EnableVddUSB   0x800'544d    0x6  Code  Gb  stm32l4xx_hal_pwr_ex.o [1]
HAL_PWREx_GetVoltageRange
                         0x800'53c9    0xc  Code  Gb  stm32l4xx_hal_pwr_ex.o [1]
HAL_PWR_EnableBkUpAccess
                         0x800'407d    0xc  Code  Gb  stm32l4xx_hal_pwr.o [1]
HAL_RCCEx_EnableMSIPLLMode
                         0x800'5035    0xc  Code  Gb  stm32l4xx_hal_rcc_ex.o [1]
HAL_RCCEx_PeriphCLKConfig
                         0x800'4a69  0x590  Code  Gb  stm32l4xx_hal_rcc_ex.o [1]
HAL_RCC_ClockConfig      0x800'4667  0x1b8  Code  Gb  stm32l4xx_hal_rcc.o [1]
HAL_RCC_GetClockConfig   0x800'4909   0x52  Code  Gb  stm32l4xx_hal_rcc.o [1]
HAL_RCC_GetHCLKFreq      0x800'48d7    0x6  Code  Gb  stm32l4xx_hal_rcc.o [1]
HAL_RCC_GetPCLK1Freq     0x800'48dd   0x10  Code  Gb  stm32l4xx_hal_rcc.o [1]
HAL_RCC_GetPCLK2Freq     0x800'48ed    0xe  Code  Gb  stm32l4xx_hal_rcc.o [1]
HAL_RCC_GetSysClockFreq
                         0x800'4841   0x96  Code  Gb  stm32l4xx_hal_rcc.o [1]
HAL_RCC_OscConfig        0x800'408d  0x5b6  Code  Gb  stm32l4xx_hal_rcc.o [1]
HAL_SYSTICK_CLKSourceConfig
                         0x800'55f7   0x26  Code  Gb  stm32l4xx_hal_cortex.o [1]
HAL_SYSTICK_Config       0x800'55bf   0x28  Code  Gb  stm32l4xx_hal_cortex.o [1]
HAL_TIMEx_Break2Callback
                         0x800'6fb3    0x2  Code  Wk  stm32l4xx_hal_tim_ex.o [1]
HAL_TIMEx_BreakCallback
                         0x800'6fb1    0x2  Code  Wk  stm32l4xx_hal_tim_ex.o [1]
HAL_TIMEx_CommutationCallback
                         0x800'6fb7    0x2  Code  Wk  stm32l4xx_hal_tim_ex.o [1]
HAL_TIMEx_MasterConfigSynchronization
                         0x800'6219  0x14e  Code  Gb  stm32l4xx_hal_tim_ex.o [1]
HAL_TIM_Base_Init        0x800'3805   0xb2  Code  Gb  stm32l4xx_hal_tim.o [1]
HAL_TIM_Base_MspInit     0x800'34bd   0x34  Code  Gb  tim.o [1]
HAL_TIM_Base_Start_IT    0x800'38b7   0x72  Code  Gb  stm32l4xx_hal_tim.o [1]
HAL_TIM_ConfigClockSource
                         0x800'3b4d  0x344  Code  Gb  stm32l4xx_hal_tim.o [1]
HAL_TIM_IRQHandler       0x800'39e5  0x15c  Code  Gb  stm32l4xx_hal_tim.o [1]
HAL_TIM_PeriodElapsedCallback
                         0x800'298f   0x24  Code  Gb  main.o [1]
HAL_UARTEx_WakeupCallback
                         0x800'7f85    0x2  Code  Wk  stm32l4xx_hal_uart_ex.o [1]
HAL_UART_IRQHandler      0x800'58c1  0x144  Code  Gb  stm32l4xx_hal_uart.o [1]
HAL_UART_Init            0x800'57cd   0x9c  Code  Gb  stm32l4xx_hal_uart.o [1]
HAL_UART_MspInit         0x800'3267   0x6c  Code  Gb  usart.o [1]
HardFault_Handler        0x800'928f    0x2  Code  Gb  stm32l4xx_it.o [1]
I2C_Flush_TXDR           0x800'249d   0x1c  Code  Lc  stm32l4xx_hal_i2c.o [1]
I2C_IsAcknowledgeFailed
                         0x800'2581   0x68  Code  Lc  stm32l4xx_hal_i2c.o [1]
I2C_TransferConfig       0x800'25f3   0x8e  Code  Lc  stm32l4xx_hal_i2c.o [1]
I2C_WaitOnFlagUntilTimeout
                         0x800'24b9   0x42  Code  Lc  stm32l4xx_hal_i2c.o [1]
I2C_WaitOnSTOPFlagUntilTimeout
                         0x800'2549   0x30  Code  Lc  stm32l4xx_hal_i2c.o [1]
I2C_WaitOnTXISFlagUntilTimeout
                         0x800'24fb   0x36  Code  Lc  stm32l4xx_hal_i2c.o [1]
Init_MPU9250             0x800'354b   0x2e  Code  Gb  mpu9250.o [1]
LED3TaskHandle          0x2000'196c    0x4  Data  Gb  freertos.o [1]
LoadInt                  0x800'717f   0x7a  Code  Lc  xprintffull.o [2]
MSIRangeTable            0x800'925c   0x30  Data  Gb  system_stm32l4xx.o [1]
MX_FREERTOS_Init         0x800'3581   0x5e  Code  Gb  freertos.o [1]
MX_GPIO_Init             0x800'3049  0x154  Code  Gb  gpio.o [1]
MX_I2C2_Init             0x800'2799   0x60  Code  Gb  i2c.o [1]
MX_LPUART1_UART_Init     0x800'31f9   0x34  Code  Gb  usart.o [1]
MX_TIM2_Init             0x800'3459   0x64  Code  Gb  tim.o [1]
MX_USART3_UART_Init      0x800'322d   0x32  Code  Gb  usart.o [1]
MX_USB_OTG_FS_PCD_Init   0x800'334d   0x40  Code  Gb  usb_otg.o [1]
MemManage_Handler        0x800'9291    0x2  Code  Gb  stm32l4xx_it.o [1]
NMI_Handler              0x800'928d    0x2  Code  Gb  stm32l4xx_it.o [1]
NVIC_SetPriority         0x800'54e1   0x1e  Code  Lc  stm32l4xx_hal_cortex.o [1]
OLEDRefreshHandle       0x2000'1974    0x4  Data  Gb  freertos.o [1]
OLEDRefreshTask          0x800'36e5    0xe  Code  Gb  freertos.o [1]
OLEDShowTask             0x800'3681   0x56  Code  Gb  freertos.o [1]
OLEDShowTask{1}{2}::count
                        0x2000'197c    0x4  Data  Lc  freertos.o [1]
OLEDTaskHandle          0x2000'1970    0x4  Data  Gb  freertos.o [1]
OLED_Clear               0x800'1b93   0x2e  Code  Gb  oled.o [1]
OLED_DrawPoint           0x800'01ef   0x38  Code  Gb  oled.o [1]
OLED_GRAM               0x2000'0ca8  0x580  Data  Gb  oled.o [1]
OLED_Init                0x800'1be5   0xf0  Code  Gb  oled.o [1]
OLED_Refresh_Gram        0x800'01ad   0x3a  Code  Gb  oled.o [1]
OLED_Set_Pos             0x800'1b69   0x24  Code  Gb  oled.o [1]
OLED_Show_Char           0x800'022d   0xb4  Code  Gb  oled.o [1]
OLED_Show_StrAll         0x800'1b2d   0x3c  Code  Gb  oled.o [1]
OLED_Show_ZH12_12        0x800'1aa1   0x8c  Code  Gb  oled.o [1]
OLED_Write               0x800'1bc1   0x1e  Code  Gb  oled.o [1]
PendSV_Handler           0x800'8715         Code  Gb  portasm.o [1]
RCCEx_PLLSAI1_Config     0x800'5045  0x16c  Code  Lc  stm32l4xx_hal_rcc_ex.o [1]
RCCEx_PLLSAI2_Config     0x800'51b1  0x12e  Code  Lc  stm32l4xx_hal_rcc_ex.o [1]
RCC_SetFlashLatencyFromMSIRange
                         0x800'4965   0x74  Code  Lc  stm32l4xx_hal_rcc.o [1]
Region$$Table$$Base      0x800'9340          --   Gb  - Linker created -
Region$$Table$$Limit     0x800'9360          --   Gb  - Linker created -
SVC_Handler              0x800'876d         Code  Gb  portasm.o [1]
Single_Write             0x800'352d   0x1e  Code  Gb  mpu9250.o [1]
StartDefaultTask         0x800'35e1   0x8c  Code  Gb  freertos.o [1]
StartLED3Task            0x800'366d   0x14  Code  Gb  freertos.o [1]
SysTick_Handler          0x800'9299    0x4  Code  Gb  stm32l4xx_it.o [1]
SystemClock_Config       0x800'28bf   0xd0  Code  Gb  main.o [1]
SystemCoreClock         0x2000'000c    0x4  Data  Gb  system_stm32l4xx.o [1]
SystemInit               0x800'9201   0x3c  Code  Gb  system_stm32l4xx.o [1]
TIM1_UP_TIM16_IRQHandler
                         0x800'929d    0x6  Code  Gb  stm32l4xx_it.o [1]
TIM2_IRQHandler          0x800'92a3    0x6  Code  Gb  stm32l4xx_it.o [1]
TIM_Base_SetConfig       0x800'3ecd   0xaa  Code  Gb  stm32l4xx_hal_tim.o [1]
TIM_ETR_SetConfig        0x800'3ff7   0x14  Code  Gb  stm32l4xx_hal_tim.o [1]
TIM_ITRx_SetConfig       0x800'3fe7   0x10  Code  Lc  stm32l4xx_hal_tim.o [1]
TIM_TI1_ConfigInputStage
                         0x800'3fa1   0x22  Code  Lc  stm32l4xx_hal_tim.o [1]
TIM_TI2_ConfigInputStage
                         0x800'3fc3   0x24  Code  Lc  stm32l4xx_hal_tim.o [1]
UART_AdvFeatureConfig    0x800'5d83  0x1c6  Code  Gb  stm32l4xx_hal_uart.o [1]
UART_CheckIdleState      0x800'5f83   0x5a  Code  Gb  stm32l4xx_hal_uart.o [1]
UART_DMAAbortOnError     0x800'6061   0x10  Code  Lc  stm32l4xx_hal_uart.o [1]
UART_EndRxTransfer       0x800'6041   0x20  Code  Lc  stm32l4xx_hal_uart.o [1]
UART_SetConfig           0x800'5a15  0x35a  Code  Gb  stm32l4xx_hal_uart.o [1]
UART_WaitOnFlagUntilTimeout
                         0x800'5fdd   0x58  Code  Gb  stm32l4xx_hal_uart.o [1]
USART3_IRQHandler        0x800'92a9    0x6  Code  Gb  stm32l4xx_it.o [1]
USB_CoreInit             0x800'81b9   0x58  Code  Gb  stm32l4xx_ll_usb.o [1]
USB_CoreReset            0x800'83d9   0x2a  Code  Lc  stm32l4xx_ll_usb.o [1]
USB_DevDisconnect        0x800'83c1    0xc  Code  Gb  stm32l4xx_ll_usb.o [1]
USB_DevInit              0x800'8245  0x134  Code  Gb  stm32l4xx_ll_usb.o [1]
USB_DisableGlobalInt     0x800'8211    0x6  Code  Gb  stm32l4xx_ll_usb.o [1]
USB_FlushRxFifo          0x800'8397   0x1a  Code  Gb  stm32l4xx_ll_usb.o [1]
USB_FlushTxFifo          0x800'8379   0x1e  Code  Gb  stm32l4xx_ll_usb.o [1]
USB_SetCurrentMode       0x800'821d   0x28  Code  Gb  stm32l4xx_ll_usb.o [1]
USB_SetDevSpeed          0x800'83b1    0xa  Code  Gb  stm32l4xx_ll_usb.o [1]
UsageFault_Handler       0x800'9295    0x2  Code  Gb  stm32l4xx_it.o [1]
_Encoding_8859_1_Mbrlen
                         0x800'303d    0x2  Code  Gb  xencoding_8859_1.o [2]
_Encoding_8859_1_Wctomb
                         0x800'302b   0x12  Code  Gb  xencoding_8859_1.o [2]
_Error_Handler           0x800'29c9    0x2  Code  Gb  main.o [1]
_GenldFull               0x800'7c11  0x274  Code  Lc  xprintffull.o [2]
_LdtobFull               0x800'77e5  0x400  Code  Lc  xprintffull.o [2]
_LitobFull               0x800'768d  0x112  Code  Lc  xprintffull.o [2]
_Locale_lconv           0x2000'0010   0x38  Data  Lc  xlocale_c.o [2]
_PrintfFull              0x800'6fbd  0x1aa  Code  Gb  xprintffull.o [2]
_Prout                   0x800'9393   0x16  Code  Gb  xprout.o [2]
_PutcharsFull            0x800'7e85   0x2e  Code  Lc  xprintffull.o [2]
_PutfldFull              0x800'71f9  0x2d8  Code  Lc  xprintffull.o [2]
_PutstrFull              0x800'75c7   0xc6  Code  Lc  xprintffull.o [2]
_PuttxtFull              0x800'74d1   0xf6  Code  Lc  xprintffull.o [2]
_SProut                  0x800'31df    0xa  Code  Gb  xsprout.o [2]
__aeabi_cdcmple          0x800'8b0d         Code  Gb  DblCmpLe.o [3]
__aeabi_cdrcmple         0x800'8b3d         Code  Gb  DblCmpGe.o [3]
__aeabi_d2iz             0x800'8ca9         Code  Gb  DblToS32.o [3]
__aeabi_d2uiz            0x800'9035         Code  Gb  DblToU32.o [3]
__aeabi_ddiv             0x800'8ded         Code  Gb  DblDiv.o [3]
__aeabi_dmul             0x800'88f9         Code  Gb  DblMul.o [3]
__aeabi_dsub             0x800'8d09         Code  Gb  DblSub.o [3]
__aeabi_i2d              0x800'8ce5         Code  Gb  S32ToDbl.o [3]
__aeabi_ldiv0            0x800'9079         Code  Gb  I64DivZer.o [4]
__aeabi_memcpy           0x800'63e1         Code  Gb  ABImemcpy.o [4]
__aeabi_memcpy4          0x800'6401         Code  Gb  ABImemcpy.o [4]
__aeabi_memcpy8          0x800'6401         Code  Gb  ABImemcpy.o [4]
__aeabi_memset4          0x800'85fd         Code  Gb  ABImemset48.o [4]
__aeabi_memset8          0x800'85fd         Code  Gb  ABImemset48.o [4]
__aeabi_ui2d             0x800'905d         Code  Gb  U32ToDbl.o [3]
__aeabi_uldivmod         0x800'7f89         Code  Gb  I64DivMod.o [4]
__cmain                  0x800'9361         Code  Gb  cmain.o [4]
__exit                   0x800'91ed   0x14  Code  Gb  exit.o [5]
__iar_Fail_s             0x800'8855   0x1c  Code  Gb  xfail_s.o [2]
__iar_Mbcurmax           0x800'88ed    0xa  Code  Gb  xmbcurmax.o [2]
__iar_Memchr             0x800'8895         Code  Gb  memchr.o [4]
__iar_Memset4_word       0x800'8605         Code  Gb  ABImemset48.o [4]
__iar_Memset8_word       0x800'8605         Code  Gb  ABImemset48.o [4]
__iar_Stdout            0x2000'0090   0x48  Data  Gb  xfiles.o [2]
__iar_Strchr             0x800'883d         Code  Gb  strchr.o [4]
__iar_dadd               0x800'8d19         Code  Gb  DblSub.o [3]
__iar_data_init3         0x800'92f5   0x28  Code  Gb  data_init.o [4]
__iar_dsub               0x800'9081         Code  Gb  DblAdd.o [3]
__iar_dsubStart          0x800'9093         Code  Gb  DblAdd.o [3]
__iar_frexp              0x800'8aa9         Code  Gb  frexp.o [3]
__iar_frexpl             0x800'8aa9         Code  Gb  frexp.o [3]
__iar_globLocale        0x2000'0048   0x48  Data  Lc  xlocale_c.o [2]
__iar_global_Locale      0x800'87c5    0x4  Code  Gb  xlocale_c.o [2]
__iar_init_vfp           0x800'931d         Code  Gb  fpinit_M.o [3]
__iar_ldexp64            0x800'8b6d         Code  Gb  ldexp.o [3]
__iar_lz77_init_single3
                         0x800'271f   0x7a  Code  Gb  lz77_init_single.o [4]
__iar_program_start      0x800'93c5         Code  Gb  cstartup_M.o [4]
__iar_scalbln64          0x800'8b6d         Code  Gb  ldexp.o [3]
__iar_scalbn64           0x800'8b6d         Code  Gb  ldexp.o [3]
__iar_softfp___iar_frexp64
                         0x800'8a9d         Code  Gb  frexp.o [3]
__iar_softfp_frexp       0x800'8a9d         Code  Gb  frexp.o [3]
__iar_softfp_frexpl      0x800'8a9d         Code  Gb  frexp.o [3]
__iar_zero_init3         0x800'2fd3   0x3a  Code  Gb  zero_init3.o [4]
__low_level_init         0x800'937f    0x4  Code  Gb  low_level_init.o [2]
__vector_table           0x800'0000         Data  Gb  startup_stm32l496xx.o [1]
_call_main               0x800'936d         Code  Gb  cmain.o [4]
_exit                    0x800'9389         Code  Gb  cexit.o [4]
_gLocale_mblen           0x800'8829    0x4  Code  Gb  xlocale_c.o [2]
_gLocale_mblenInt        0x800'87ed   0x2c  Code  Gb  xlocale_c.o [2]
_gLocale_wctomb          0x800'882d    0x4  Code  Gb  xlocale_c.o [2]
_gLocale_wctombInt       0x800'8825    0x4  Code  Gb  xlocale_c.o [2]
_main                    0x800'937b         Code  Gb  cmain.o [4]
abort                    0x800'907b    0x6  Code  Gb  abort.o [2]
asc2_1206                0x800'02e0  0x474  Data  Gb  oled.o [1]
asc2_1608                0x800'0754  0x5f0  Data  Gb  oled.o [1]
asc2_2412                0x800'0d44  0xd5c  Data  Gb  oled.o [1]
assert_failed            0x800'29cd    0xa  Code  Gb  main.o [1]
defaultTaskHandle       0x2000'1978    0x4  Data  Gb  freertos.o [1]
eTaskGetState            0x800'6637   0x5c  Code  Gb  tasks.o [1]
exit                     0x800'9383    0x4  Code  Gb  exit.o [2]
fputc                    0x800'31e9   0x10  Code  Gb  usart.o [1]
hi2c2                   0x2000'18a0   0x4c  Data  Gb  i2c.o [1]
hlpuart1                0x2000'1760   0x78  Data  Gb  usart.o [1]
hpcd_USB_OTG_FS         0x2000'1228  0x408  Data  Gb  usb_otg.o [1]
htim1                   0x2000'18ec   0x40  Data  Gb  stm32l4xx_hal_timebase_TIM.o [1]
htim2                   0x2000'192c   0x40  Data  Gb  tim.o [1]
huart3                  0x2000'17d8   0x78  Data  Gb  usart.o [1]
ldexp                    0x800'8b6d         Code  Gb  ldexp.o [3]
ldexpl                   0x800'8b6d         Code  Gb  ldexp.o [3]
localeconv               0x800'8831    0x4  Code  Gb  xlocale_c.o [2]
main                     0x800'2885   0x3a  Code  Gb  main.o [1]
makeFreeRtosPriority     0x800'379d    0xc  Code  Lc  cmsis_os.o [1]
memchr                   0x800'8895         Code  Gb  memchr.o [4]
obuf                    0x2000'1850   0x50  Data  Lc  xfiles.o [2]
osDelay                  0x800'37e1    0xe  Code  Gb  cmsis_os.o [1]
osKernelStart            0x800'37a9    0xa  Code  Gb  cmsis_os.o [1]
osSystickHandler         0x800'37ef   0x14  Code  Gb  cmsis_os.o [1]
osThreadCreate           0x800'37b3   0x2e  Code  Gb  cmsis_os.o [1]
printf                   0x800'56a1   0x28  Code  Gb  printf.o [2]
prvAddCurrentTaskToDelayedList
                         0x800'6ce1   0x5e  Code  Lc  tasks.o [1]
prvAddNewTaskToReadyList
                         0x800'6569   0xa0  Code  Lc  tasks.o [1]
prvDeleteTCB             0x800'6aab   0x14  Code  Lc  tasks.o [1]
prvIdleTask              0x800'699d   0x40  Code  Lc  tasks.o [1]
prvInitialiseNewTask     0x800'64e1   0x88  Code  Lc  tasks.o [1]
prvInsertBlockIntoFreeList
                         0x800'85b1   0x46  Code  Lc  heap_4.o [1]
prvListTasksWithinSingleList
                         0x800'6a53   0x4a  Code  Lc  tasks.o [1]
prvResetNextTaskUnblockTime
                         0x800'6abf   0x1a  Code  Lc  tasks.o [1]
prvTaskExitError         0x800'6e1d   0x1c  Code  Lc  port.o [1]
prvWriteNameToBuffer     0x800'6b0f   0x22  Code  Lc  tasks.o [1]
putchar                  0x800'93a9    0xc  Code  Gb  putchar.o [2]
pvPortMalloc             0x800'844d  0x102  Code  Gb  heap_4.o [1]
pxCurrentTCB            0x2000'1658    0x4  Data  Gb  tasks.o [1]
pxDelayedTaskList       0x2000'165c    0x4  Data  Lc  tasks.o [1]
pxEnd                   0x2000'00e0    0x4  Data  Lc  heap_4.o [1]
pxOverflowDelayedTaskList
                        0x2000'1660    0x4  Data  Lc  tasks.o [1]
pxPortInitialiseStack    0x800'6df5   0x26  Code  Gb  port.o [1]
pxReadyTasksLists       0x2000'16d4   0x8c  Data  Lc  tasks.o [1]
scalbln                  0x800'8b6d         Code  Gb  ldexp.o [3]
scalblnl                 0x800'8b6d         Code  Gb  ldexp.o [3]
scalbn                   0x800'8b6d         Code  Gb  ldexp.o [3]
scalbnl                  0x800'8b6d         Code  Gb  ldexp.o [3]
scale                    0x800'779f   0x46  Code  Lc  xprintffull.o [2]
sec_hand                0x2000'1988    0x4  Data  Lc  xfail_s.o [2]
sprintf                  0x800'6db5   0x40  Code  Gb  sprintf.o [2]
strchr                   0x800'883d         Code  Gb  strchr.o [4]
strcpy                   0x800'86c9         Code  Gb  strcpy.o [4]
strlen                   0x800'6d7d         Code  Gb  strlen.o [4]
ucHeap                  0x2000'00f0  0xbb8  Data  Lc  heap_4.o [1]
ucMaxSysCallPriority    0x2000'0000    0x1  Data  Lc  port.o [1]
ulHighFrequencyTimerTicks
                        0x2000'1984    0x4  Data  Gb  tim.o [1]
ulMaxPRIGROUPValue      0x2000'0008    0x4  Data  Lc  port.o [1]
ulTaskSwitchedInTime    0x2000'16a4    0x4  Data  Lc  tasks.o [1]
uwTick                  0x2000'1980    0x4  Data  Gb  stm32l4xx_hal.o [1]
uxCriticalNesting       0x2000'0004    0x4  Data  Lc  port.o [1]
uxCurrentNumberOfTasks  0x2000'167c    0x4  Data  Lc  tasks.o [1]
uxDeletedTasksWaitingCleanUp
                        0x2000'1664    0x4  Data  Lc  tasks.o [1]
uxListRemove             0x800'86a3   0x26  Code  Gb  list.o [1]
uxPendedTicks           0x2000'168c    0x4  Data  Lc  tasks.o [1]
uxSchedulerSuspended    0x2000'16a0    0x4  Data  Lc  tasks.o [1]
uxTaskGetSystemState     0x800'67bf   0x90  Code  Gb  tasks.o [1]
uxTaskNumber            0x2000'1698    0x4  Data  Lc  tasks.o [1]
uxTaskPriorityGet        0x800'6693   0x14  Code  Gb  tasks.o [1]
uxTopReadyPriority      0x2000'1684    0x4  Data  Lc  tasks.o [1]
vListInitialise          0x800'8637   0x1a  Code  Gb  list.o [1]
vListInitialiseItem      0x800'8651    0x6  Code  Gb  list.o [1]
vListInsert              0x800'8671   0x32  Code  Gb  list.o [1]
vListInsertEnd           0x800'8657   0x1a  Code  Gb  list.o [1]
vPortEnableVFP           0x800'87a9         Code  Gb  portasm.o [1]
vPortEnterCritical       0x800'6edd   0x32  Code  Gb  port.o [1]
vPortExitCritical        0x800'6f0f   0x22  Code  Gb  port.o [1]
vPortFree                0x800'855d   0x46  Code  Gb  heap_4.o [1]
vPortStartFirstTask      0x800'8789         Code  Gb  portasm.o [1]
vTaskDelay               0x800'6609   0x2e  Code  Gb  tasks.o [1]
vTaskGetInfo             0x800'69dd   0x76  Code  Gb  tasks.o [1]
vTaskGetRunTimeStats     0x800'6beb   0x9a  Code  Gb  tasks.o [1]
vTaskList                0x800'6b35   0xb6  Code  Gb  tasks.o [1]
vTaskStartScheduler      0x800'66b5   0x5a  Code  Gb  tasks.o [1]
vTaskSuspendAll          0x800'6719    0xc  Code  Gb  tasks.o [1]
vTaskSwitchContext       0x800'6915   0x5e  Code  Gb  tasks.o [1]
xBlockAllocatedBit      0x2000'00ec    0x4  Data  Lc  heap_4.o [1]
xDelayedTaskList1       0x2000'16a8   0x14  Data  Lc  tasks.o [1]
xDelayedTaskList2       0x2000'16bc   0x14  Data  Lc  tasks.o [1]
xFreeBytesRemaining     0x2000'00e4    0x4  Data  Lc  heap_4.o [1]
xIdleTaskHandle         0x2000'16d0    0x4  Data  Lc  tasks.o [1]
xMinimumEverFreeBytesRemaining
                        0x2000'00e8    0x4  Data  Lc  heap_4.o [1]
xNextTaskUnblockTime    0x2000'169c    0x4  Data  Lc  tasks.o [1]
xNumOfOverflows         0x2000'1694    0x4  Data  Lc  tasks.o [1]
xPendingReadyList       0x2000'1630   0x14  Data  Lc  tasks.o [1]
xPortStartScheduler      0x800'6e39   0xa4  Code  Gb  port.o [1]
xPortSysTickHandler      0x800'6f31   0x26  Code  Gb  port.o [1]
xSchedulerRunning       0x2000'1688    0x4  Data  Lc  tasks.o [1]
xStart                  0x2000'00d8    0x8  Data  Lc  heap_4.o [1]
xSuspendedTaskList      0x2000'1668   0x14  Data  Lc  tasks.o [1]
xTaskCreate              0x800'6489   0x58  Code  Gb  tasks.o [1]
xTaskGetSchedulerState   0x800'6ad9   0x18  Code  Gb  tasks.o [1]
xTaskIncrementTick       0x800'6855   0xc0  Code  Gb  tasks.o [1]
xTaskResumeAll           0x800'6725   0x92  Code  Gb  tasks.o [1]
xTasksWaitingTermination
                        0x2000'1644   0x14  Data  Lc  tasks.o [1]
xTickCount              0x2000'1680    0x4  Data  Lc  tasks.o [1]
xYieldPending           0x2000'1690    0x4  Data  Lc  tasks.o [1]


[1] = F:\System\Documents\CubeMX\L496Test\EWARM\L496Test\Obj
[2] = dl7M_tlf.a
[3] = m7M_tls.a
[4] = rt7M_tl.a
[5] = shb_l.a

  38 102 bytes of readonly  code memory
     180 bytes of readonly  data memory
   7 564 bytes of readwrite data memory

Errors: none
Warnings: none
